// Jest Snapshot v1, https://goo.gl/fbAQLP

exports[`writeDefaultConfigFile writes mailing.config.json if it doesn't exist 1`] = `
[MockFunction] {
  "calls": [
    [
      "added mailing.config.json in your project with the following contents:
{
  "typescript": true,
  "emailsDir": "./emails",
  "outDir": "./previews_html"
}
",
    ],
  ],
  "results": [
    {
      "type": "return",
      "value": undefined,
    },
  ],
}
`;
