// Jest Snapshot v1, https://goo.gl/fbAQLP

exports[`renderTemplate returns rendered html 1`] = `
"<!doctype html>
<html xmlns="http://www.w3.org/1999/xhtml" xmlns:v="urn:schemas-microsoft-com:vml" xmlns:o="urn:schemas-microsoft-com:office:office">
  <head>
    <title>
      
    </title>
    <!--[if !mso]><!-->
    <meta http-equiv="X-UA-Compatible" content="IE=edge">
    <!--<![endif]-->
    <meta http-equiv="Content-Type" content="text/html; charset=UTF-8">
    <meta name="viewport" content="width=device-width, initial-scale=1">
    <style type="text/css">
      #outlook a { padding:0; }
      body { margin:0;padding:0;-webkit-text-size-adjust:100%;-ms-text-size-adjust:100%; }
      table, td { border-collapse:collapse;mso-table-lspace:0pt;mso-table-rspace:0pt; }
      img { border:0;height:auto;line-height:100%; outline:none;text-decoration:none;-ms-interpolation-mode:bicubic; }
      p { display:block;margin:13px 0; }
    </style>
    <!--[if mso]>
    <noscript>
    <xml>
    <o:OfficeDocumentSettings>
      <o:AllowPNG/>
      <o:PixelsPerInch>96</o:PixelsPerInch>
    </o:OfficeDocumentSettings>
    </xml>
    </noscript>
    <![endif]-->
    <!--[if lte mso 11]>
    <style type="text/css">
      .mj-outlook-group-fix { width:100% !important; }
    </style>
    <![endif]-->
    
      <!--[if !mso]><!-->
        <link href="https://fonts.googleapis.com/css?family=Roboto:300,400,500,700" rel="stylesheet" type="text/css">
<link href="https://fonts.googleapis.com/css2?family=Inter:wght@400;700" rel="stylesheet" type="text/css">
        <style type="text/css">
          @import url(https://fonts.googleapis.com/css?family=Roboto:300,400,500,700);
@import url(https://fonts.googleapis.com/css2?family=Inter:wght@400;700);
        </style>
      <!--<![endif]-->

    
    
    <style type="text/css">
      @media only screen and (min-width:480px) {
        .mj-column-per-100 { width:100% !important; max-width: 100%; }
      }
    </style>
    <style media="screen and (min-width:480px)">
      .moz-text-html .mj-column-per-100 { width:100% !important; max-width: 100%; }
    </style>
    
  
    <style type="text/css">
    
    

    @media only screen and (max-width:480px) {
      table.mj-full-width-mobile { width: 100% !important; }
      td.mj-full-width-mobile { width: auto !important; }
    }
  
    </style>
    <style type="text/css">
    body {
            -webkit-font-smoothing: antialiased;
          }
          a {
            color: inherit
          }
          .gutter {
            padding-left: 24px;
            padding-right: 24px;
          }
          .no-wrap {
            white-space: nowrap;
          }
          .dark-mode {
            display: none;
            max-width: 0px;
            max-height: 0px;
            overflow: hidden;
            mso-hide: all;
          }
          .hidden {
            display: none;
            max-width: 0px;
            max-height: 0px;
            overflow: hidden;
            mso-hide: all;
          }
          .lg-hidden {
            display: none;
            max-width: 0px;
            max-height: 0px;
            overflow: hidden;
            mso-hide: all;
          }

          /* Large screens */
          @media (min-width:480px) {
            .lg-gutter {
              padding-left: 24px !important;
              padding-right: 24px !important;
            }
            .sm-hidden {
              display: none;
              max-width: 0px;
              max-height: 0px;
              overflow: hidden;
              mso-hide: all;
            }
            .lg-hidden {
              display: block !important;
              max-width: none !important;
              max-height: none !important;
              overflow: visible !important;
              mso-hide: none !important;
            }
          }

          /* Dark Mode */
          @media (prefers-color-scheme: dark) {
            body {
              background: #000;
            }
            .invert > * {
              filter: invert(1) !important;
            }
            .text > * {
              color: #fff !important;
            }
            .dark-mode {
              display: inherit !important;
              max-width: none !important;
              max-height: none !important;
              overflow: visible !important;
              mso-hide: none !important;
            }
            .light-mode {
              display: none;
              max-width: 0px;
              max-height: 0px;
              overflow: hidden;
              mso-hide: all;
            }
          }
    </style>
    <meta name="color-scheme" content="light dark"/><meta name="supported-color-schemes" content="light dark"/>
  </head>
  <body style="word-spacing:normal;">
    
    <div style="display:none;font-size:1px;color:#ffffff;line-height:1px;max-height:0px;max-width:0px;opacity:0;overflow:hidden;">
      Excited to help you enjoy great meals.
    </div>
  
    
      <div
         style=""
      >
        
      
      <!--[if mso | IE]><table align="center" border="0" cellpadding="0" cellspacing="0" class="" role="presentation" style="width:600px;" width="600" ><tr><td style="line-height:0px;font-size:0px;mso-line-height-rule:exactly;"><![endif]-->
    
      
      <div  style="margin:0px auto;max-width:600px;">
        
        <table
           align="center" border="0" cellpadding="0" cellspacing="0" role="presentation" style="width:100%;"
        >
          <tbody>
            <tr>
              <td
                 style="direction:ltr;font-size:0px;padding:48px 0 40px;text-align:center;"
              >
                <!--[if mso | IE]><table role="presentation" border="0" cellpadding="0" cellspacing="0"><tr><td class="" style="vertical-align:top;width:600px;" ><![endif]-->
            
      <div
         class="mj-column-per-100 mj-outlook-group-fix" style="font-size:0px;text-align:left;direction:ltr;display:inline-block;vertical-align:top;width:100%;"
      >
        
      <table
         border="0" cellpadding="0" cellspacing="0" role="presentation" width="100%"
      >
        <tbody>
          <tr>
            <td  style="vertical-align:top;padding:0px;">
              
      <table
         border="0" cellpadding="0" cellspacing="0" role="presentation" style="" width="100%"
      >
        <tbody>
          
              <tr>
                <td
                   align="center" class="invert" style="font-size:0px;padding:0 24px 0;word-break:break-word;"
                >
                  
      <table
         border="0" cellpadding="0" cellspacing="0" role="presentation" style="border-collapse:collapse;border-spacing:0px;"
      >
        <tbody>
          <tr>
            <td  style="width:49px;">
              
      <img
         height="54" src="https://s3.amazonaws.com/lab.campsh.com/bb-transparent%402x.png" style="border:0;display:block;outline:none;text-decoration:none;height:54px;width:100%;font-size:16px;" width="49"
      />
    
            </td>
          </tr>
        </tbody>
      </table>
    
                </td>
              </tr>
            
        </tbody>
      </table>
    
            </td>
          </tr>
        </tbody>
      </table>
    
      </div>
    
          <!--[if mso | IE]></td></tr></table><![endif]-->
              </td>
            </tr>
          </tbody>
        </table>
        
      </div>
    
      
      <!--[if mso | IE]></td></tr></table><table align="center" border="0" cellpadding="0" cellspacing="0" class="lg-gutter-outlook" role="presentation" style="width:600px;" width="600" ><tr><td style="line-height:0px;font-size:0px;mso-line-height-rule:exactly;"><![endif]-->
    
      
      <div  class="lg-gutter" style="margin:0px auto;max-width:600px;">
        
        <table
           align="center" border="0" cellpadding="0" cellspacing="0" role="presentation" style="width:100%;"
        >
          <tbody>
            <tr>
              <td
                 style="direction:ltr;font-size:0px;padding:0px;padding-bottom:40px;text-align:center;"
              >
                <!--[if mso | IE]><table role="presentation" border="0" cellpadding="0" cellspacing="0"><tr><td class="" style="vertical-align:top;width:600px;" ><![endif]-->
            
      <div
         class="mj-column-per-100 mj-outlook-group-fix" style="font-size:0px;text-align:left;direction:ltr;display:inline-block;vertical-align:top;width:100%;"
      >
        
      <table
         border="0" cellpadding="0" cellspacing="0" role="presentation" width="100%"
      >
        <tbody>
          <tr>
            <td  style="vertical-align:top;padding:0px;">
              
      <table
         border="0" cellpadding="0" cellspacing="0" role="presentation" style="" width="100%"
      >
        <tbody>
          
              <tr>
                <td
                   align="left" style="font-size:0px;padding:0px;word-break:break-word;"
                >
                  
      <table
         border="0" cellpadding="0" cellspacing="0" role="presentation" style="border-collapse:collapse;border-spacing:0px;"
      >
        <tbody>
          <tr>
            <td  style="width:600px;">
              
      <img
         height="auto" src="https://s3.amazonaws.com/lab.campsh.com/bb-hero%402x.jpg" style="border:0;display:block;outline:none;text-decoration:none;height:auto;width:100%;font-size:16px;" width="600"
      />
    
            </td>
          </tr>
        </tbody>
      </table>
    
                </td>
              </tr>
            
        </tbody>
      </table>
    
            </td>
          </tr>
        </tbody>
      </table>
    
      </div>
    
          <!--[if mso | IE]></td></tr></table><![endif]-->
              </td>
            </tr>
          </tbody>
        </table>
        
      </div>
    
      
      <!--[if mso | IE]></td></tr></table><table align="center" border="0" cellpadding="0" cellspacing="0" class="gutter-outlook" role="presentation" style="width:600px;" width="600" ><tr><td style="line-height:0px;font-size:0px;mso-line-height-rule:exactly;"><![endif]-->
    
      
      <div  class="gutter" style="margin:0px auto;max-width:600px;">
        
        <table
           align="center" border="0" cellpadding="0" cellspacing="0" role="presentation" style="width:100%;"
        >
          <tbody>
            <tr>
              <td
                 style="direction:ltr;font-size:0px;padding:0px;text-align:center;"
              >
                <!--[if mso | IE]><table role="presentation" border="0" cellpadding="0" cellspacing="0"><tr><td class="" style="vertical-align:top;width:600px;" ><![endif]-->
            
      <div
         class="mj-column-per-100 mj-outlook-group-fix" style="font-size:0px;text-align:left;direction:ltr;display:inline-block;vertical-align:top;width:100%;"
      >
        
      <table
         border="0" cellpadding="0" cellspacing="0" role="presentation" width="100%"
      >
        <tbody>
          <tr>
            <td  style="vertical-align:top;padding:0px;">
              
      <table
         border="0" cellpadding="0" cellspacing="0" role="presentation" style="" width="100%"
      >
        <tbody>
          
              <tr>
                <td
                   align="left" class="text" style="font-size:0px;padding:0px;word-break:break-word;"
                >
                  
      <div
         style="font-family:Inter, -apple-system, BlinkMacSystemFont, &quot;Segoe UI&quot;, Roboto, sans-serif;font-size:30px;font-weight:400;line-height:125%;text-align:left;color:#000000;"
      >Test User, your table awaits.</div>
    
                </td>
              </tr>
            
              <tr>
                <td
                   align="left" class="text" style="font-size:0px;padding:0px;padding-top:24px;padding-bottom:24px;word-break:break-word;"
                >
                  
      <div
         style="font-family:Inter, -apple-system, BlinkMacSystemFont, &quot;Segoe UI&quot;, Roboto, sans-serif;font-size:16px;font-weight:400;line-height:160%;text-align:left;color:#000000;"
      >Thank you for joining BookBook! We’re excited to help you enjoy great meals without any begging, guessing, waiting or phone calls. Just a couple taps, and the table is yours.</div>
    
                </td>
              </tr>
            
              <tr>
                <td
                   align="left" vertical-align="middle" class="light-mode" style="font-size:0px;padding:0px;word-break:break-word;"
                >
                  
      <table
         border="0" cellpadding="0" cellspacing="0" role="presentation" style="border-collapse:separate;line-height:100%;"
      >
        <tbody>
          <tr>
            <td
               align="center" bgcolor="#000000" role="presentation" style="border:none;border-radius:100px;cursor:auto;height:32px;mso-padding-alt:10px 25px;background:#000000;" valign="middle"
            >
              <a
                 href="https://www.mailing.run" style="display:inline-block;background:#000000;color:#F5F5F5;font-family:Inter, -apple-system, BlinkMacSystemFont, &quot;Segoe UI&quot;, Roboto, sans-serif;font-size:16px;font-weight:400;line-height:125%;margin:0;text-decoration:none;text-transform:none;padding:10px 25px;mso-padding-alt:0px;border-radius:100px;" target="_blank"
              >
                Book a Reservation
              </a>
            </td>
          </tr>
        </tbody>
      </table>
    
                </td>
              </tr>
            
              <tr>
                <td
                   align="left" vertical-align="middle" class="dark-mode" style="font-size:0px;padding:0px;word-break:break-word;"
                >
                  
      <table
         border="0" cellpadding="0" cellspacing="0" role="presentation" style="border-collapse:separate;line-height:100%;"
      >
        <tbody>
          <tr>
            <td
               align="center" bgcolor="#FADF98" role="presentation" style="border:none;border-radius:100px;cursor:auto;height:32px;mso-padding-alt:10px 25px;background:#FADF98;" valign="middle"
            >
              <a
                 href="https://www.mailing.run" style="display:inline-block;background:#FADF98;color:#000000;font-family:Inter, -apple-system, BlinkMacSystemFont, &quot;Segoe UI&quot;, Roboto, sans-serif;font-size:16px;font-weight:400;line-height:125%;margin:0;text-decoration:none;text-transform:none;padding:10px 25px;mso-padding-alt:0px;border-radius:100px;" target="_blank"
              >
                Book a Reservation
              </a>
            </td>
          </tr>
        </tbody>
      </table>
    
                </td>
              </tr>
            
              <tr>
                <td
                   align="left" class="text" style="font-size:0px;padding:0px;padding-top:24px;word-break:break-word;"
                >
                  
      <div
         style="font-family:Inter, -apple-system, BlinkMacSystemFont, &quot;Segoe UI&quot;, Roboto, sans-serif;font-size:16px;font-weight:400;line-height:160%;text-align:left;color:#000000;"
      >Enjoy!<br/>The BookBook Team</div>
    
                </td>
              </tr>
            
        </tbody>
      </table>
    
            </td>
          </tr>
        </tbody>
      </table>
    
      </div>
    
          <!--[if mso | IE]></td></tr></table><![endif]-->
              </td>
            </tr>
          </tbody>
        </table>
        
      </div>
    
      
      <!--[if mso | IE]></td></tr></table><table align="center" border="0" cellpadding="0" cellspacing="0" class="gutter-outlook" role="presentation" style="width:600px;" width="600" ><tr><td style="line-height:0px;font-size:0px;mso-line-height-rule:exactly;"><![endif]-->
    
      
      <div  class="gutter" style="margin:0px auto;max-width:600px;">
        
        <table
           align="center" border="0" cellpadding="0" cellspacing="0" role="presentation" style="width:100%;"
        >
          <tbody>
            <tr>
              <td
                 style="direction:ltr;font-size:0px;padding:0px;text-align:center;"
              >
                <!--[if mso | IE]><table role="presentation" border="0" cellpadding="0" cellspacing="0"><tr><td class="" style="vertical-align:top;width:600px;" ><![endif]-->
            
      <div
         class="mj-column-per-100 mj-outlook-group-fix" style="font-size:0px;text-align:left;direction:ltr;display:inline-block;vertical-align:top;width:100%;"
      >
        
      <table
         border="0" cellpadding="0" cellspacing="0" role="presentation" width="100%"
      >
        <tbody>
          <tr>
            <td  style="vertical-align:top;padding:0px;">
              
      <table
         border="0" cellpadding="0" cellspacing="0" role="presentation" style="" width="100%"
      >
        <tbody>
          
              <tr>
                <td
                   align="left" style="font-size:0px;padding:0px;padding-top:40px;padding-bottom:48px;word-break:break-word;"
                >
                  
      <div
         style="font-family:Inter, -apple-system, BlinkMacSystemFont, &quot;Segoe UI&quot;, Roboto, sans-serif;font-size:14px;font-weight:400;line-height:160%;text-align:left;color:#888888;"
      >© 2022 BookBook  ·  <a href="MM_EMAIL_PREFERENCES_URL" target="_blank" rel="noreferrer" style="text-decoration:none">Unsubscribe</a></div>
    
                </td>
              </tr>
            
        </tbody>
      </table>
    
            </td>
          </tr>
        </tbody>
      </table>
    
      </div>
    
          <!--[if mso | IE]></td></tr></table><![endif]-->
              </td>
            </tr>
          </tbody>
        </table>
        
      </div>
    
      
      <!--[if mso | IE]></td></tr></table><![endif]-->
    
    
      </div>
    
  </body>
</html>
  "
`;
